V3 11
FL /home/jo/workspaces/papilio-one250/pong/img_gen.vhd 2015/10/25.15:24:28 P.20131013
EN work/img_gen 1445783080 FL /home/jo/workspaces/papilio-one250/pong/img_gen.vhd \
      PB ieee/std_logic_1164 1381692176 PB ieee/NUMERIC_STD 1381692181
AR work/img_gen/Behavioral 1445783081 \
      FL /home/jo/workspaces/papilio-one250/pong/img_gen.vhd EN work/img_gen 1445783080
FL /home/jo/workspaces/papilio-one250/pong/sync_module.vhd 2015/10/25.10:50:05 P.20131013
EN work/sync_module 1445783078 \
      FL /home/jo/workspaces/papilio-one250/pong/sync_module.vhd \
      PB ieee/std_logic_1164 1381692176 PB ieee/NUMERIC_STD 1381692181
AR work/sync_module/Behavioral 1445783079 \
      FL /home/jo/workspaces/papilio-one250/pong/sync_module.vhd \
      EN work/sync_module 1445783078
FL /home/jo/workspaces/papilio-one250/pong/vga_switch_input.vhd 2015/10/25.14:50:58 P.20131013
EN work/vga_switch_input 1445783082 \
      FL /home/jo/workspaces/papilio-one250/pong/vga_switch_input.vhd \
      PB ieee/std_logic_1164 1381692176 PB ieee/NUMERIC_STD 1381692181
AR work/vga_switch_input/Behavioral 1445783083 \
      FL /home/jo/workspaces/papilio-one250/pong/vga_switch_input.vhd \
      EN work/vga_switch_input 1445783082 CP sync_module CP img_gen
